// Jest Snapshot v1, https://goo.gl/fbAQLP

exports[`Character component is rendered correctly 1`] = `
<div>
  <div
    class="flex w-full flex-col"
  >
    <p
      class="self-end"
    >
      easy
    </p>
    <div
      class="flex gap-4"
    >
      <img
        alt="cacodemon"
        class="w-8"
        src="https://res.cloudinary.com/du3oueesv/image/upload/v1672759163/Where%27s%20Waldo/cacodemon.1dad269c_ajnuga.png"
      />
      <div>
        <h4>
          Cacodemon
        </h4>
        <p>
          Doom
        </p>
      </div>
    </div>
  </div>
</div>
`;
