// Jest Snapshot v1, https://goo.gl/fbAQLP

exports[`Character component is rendered correctly 1`] = `
<div>
  <div
    class="flex gap-2 md:gap-4"
  >
    <div
      class="relative w-1/2 rounded-xl border border-gray-100 p-4 shadow-xl md:p-8"
    >
      <div
        class="mt-4"
      >
        <img
          alt="cacodemon"
          class="h-12 w-12 md:h-20 md:w-20"
          src="https://res.cloudinary.com/du3oueesv/image/upload/v1672759163/Where%27s%20Waldo/cacodemon.1dad269c_ajnuga.png"
        />
        <h3
          class="mt-4 text-sm font-bold text-white md:text-xl"
        >
          Cacodemon
        </h3>
        <span
          class="mt-2 hidden text-sm text-gray-500 sm:block"
        >
          Doom
        </span>
      </div>
    </div>
    <div
      class="relative w-1/2 rounded-xl border border-gray-100 p-4 shadow-xl md:p-8"
    >
      <div
        class="mt-4"
      >
        <img
          alt="bill cipher"
          class="h-12 w-12 md:h-20 md:w-20"
          src="https://res.cloudinary.com/du3oueesv/image/upload/v1672759181/Where%27s%20Waldo/bill-cipher.1e7e0fc4_jfln6r.png"
        />
        <h3
          class="mt-4 text-sm font-bold text-white md:text-xl"
        >
          Bill Cipher
        </h3>
        <span
          class="mt-2 hidden text-sm text-gray-500 sm:block"
        >
          Gravity Falls
        </span>
      </div>
    </div>
    <div
      class="relative w-1/2 rounded-xl border border-gray-100 p-4 shadow-xl md:p-8"
    >
      <div
        class="mt-4"
      >
        <img
          alt="courage"
          class="h-12 w-12 md:h-20 md:w-20"
          src="https://res.cloudinary.com/du3oueesv/image/upload/v1672759200/Where%27s%20Waldo/courage.200fe7a8_jkf3vs.png"
        />
        <h3
          class="mt-4 text-sm font-bold text-white md:text-xl"
        >
          Courage
        </h3>
        <span
          class="mt-2 hidden text-sm text-gray-500 sm:block"
        >
          Courage the Cowardly Dog
        </span>
      </div>
    </div>
  </div>
</div>
`;
